web-1  |   File "/usr/local/lib/python3.12/site-packages/django/contrib/admin/sites.py", line 260, in wrapper
web-1  |     return self.admin_view(view, cacheable)(*args, **kwargs)
web-1  |            ^^^^^^^^^^^^^^^^^^^^^^^^^^^^^^^^^^^^^^^^^^^^^^^^^
web-1  |   File "/usr/local/lib/python3.12/site-packages/django/utils/decorators.py", line 188, in _view_wrapper
web-1  |     result = _process_exception(request, e)
web-1  |              ^^^^^^^^^^^^^^^^^^^^^^^^^^^^^^
web-1  |   File "/usr/local/lib/python3.12/site-packages/django/utils/decorators.py", line 186, in _view_wrapper
web-1  |     response = view_func(request, *args, **kwargs)
web-1  |                ^^^^^^^^^^^^^^^^^^^^^^^^^^^^^^^^^^^
web-1  |   File "/usr/local/lib/python3.12/site-packages/django/views/decorators/cache.py", line 80, in _view_wrapper
web-1  |     response = view_func(request, *args, **kwargs)
web-1  |                ^^^^^^^^^^^^^^^^^^^^^^^^^^^^^^^^^^^
web-1  |   File "/usr/local/lib/python3.12/site-packages/django/contrib/admin/sites.py", line 229, in inner
web-1  |     if not self.has_permission(request):
web-1  |            ^^^^^^^^^^^^^^^^^^^^^^^^^^^^
web-1  |   File "/usr/local/lib/python3.12/site-packages/django/contrib/admin/sites.py", line 202, in has_permission
web-1  |     return request.user.is_active and request.user.is_staff
web-1  |            ^^^^^^^^^^^^^^^^^^^^^^
web-1  |   File "/usr/local/lib/python3.12/site-packages/django/utils/functional.py", line 251, in inner
web-1  |     self._setup()
web-1  |   File "/usr/local/lib/python3.12/site-packages/django/utils/functional.py", line 404, in _setup
web-1  |     self._wrapped = self._setupfunc()
web-1  |                     ^^^^^^^^^^^^^^^^^
web-1  |   File "/usr/local/lib/python3.12/site-packages/django/contrib/auth/middleware.py", line 37, in <lambda>
web-1  |     request.user = SimpleLazyObject(lambda: get_user(request))
web-1  |                                             ^^^^^^^^^^^^^^^^^
web-1  |   File "/usr/local/lib/python3.12/site-packages/django/contrib/auth/middleware.py", line 17, in get_user
web-1  |     request._cached_user = auth.get_user(request)
web-1  |                            ^^^^^^^^^^^^^^^^^^^^^^
web-1  |   File "/usr/local/lib/python3.12/site-packages/django/contrib/auth/__init__.py", line 209, in get_user
web-1  |     user_id = _get_user_session_key(request)
web-1  |               ^^^^^^^^^^^^^^^^^^^^^^^^^^^^^^
web-1  |   File "/usr/local/lib/python3.12/site-packages/django/contrib/auth/__init__.py", line 62, in _get_user_session_key
web-1  |     return get_user_model()._meta.pk.to_python(request.session[SESSION_KEY])
web-1  |                                                ~~~~~~~~~~~~~~~^^^^^^^^^^^^^
web-1  |   File "/usr/local/lib/python3.12/site-packages/django/contrib/sessions/backends/base.py", line 55, in __getitem__
web-1  |     return self._session[key]
web-1  |            ^^^^^^^^^^^^^
web-1  |   File "/usr/local/lib/python3.12/site-packages/django/contrib/sessions/backends/base.py", line 249, in _get_session
web-1  |     self._session_cache = self.load()
web-1  |                           ^^^^^^^^^^^
web-1  |   File "/usr/local/lib/python3.12/site-packages/django/contrib/sessions/backends/db.py", line 55, in load
web-1  |     s = self._get_session_from_db()
web-1  |         ^^^^^^^^^^^^^^^^^^^^^^^^^^^
web-1  |   File "/usr/local/lib/python3.12/site-packages/django/contrib/sessions/backends/db.py", line 34, in _get_session_from_db
web-1  |     return self.model.objects.get(
web-1  |            ^^^^^^^^^^^^^^^^^^^^^^^
web-1  |   File "/usr/local/lib/python3.12/site-packages/django/db/models/manager.py", line 87, in manager_method
web-1  |     return getattr(self.get_queryset(), name)(*args, **kwargs)
web-1  |            ^^^^^^^^^^^^^^^^^^^^^^^^^^^^^^^^^^^^^^^^^^^^^^^^^^^
web-1  |   File "/usr/local/lib/python3.12/site-packages/django/db/models/query.py", line 645, in get
web-1  |     num = len(clone)
web-1  |           ^^^^^^^^^^
web-1  |   File "/usr/local/lib/python3.12/site-packages/django/db/models/query.py", line 382, in __len__
web-1  |     self._fetch_all()
web-1  |   File "/usr/local/lib/python3.12/site-packages/django/db/models/query.py", line 1928, in _fetch_all
web-1  |     self._result_cache = list(self._iterable_class(self))
web-1  |                          ^^^^^^^^^^^^^^^^^^^^^^^^^^^^^^^^
web-1  |   File "/usr/local/lib/python3.12/site-packages/django/db/models/query.py", line 91, in __iter__
web-1  |     results = compiler.execute_sql(
web-1  |               ^^^^^^^^^^^^^^^^^^^^^
web-1  |   File "/usr/local/lib/python3.12/site-packages/django/db/models/sql/compiler.py", line 1574, in execute_sql
web-1  |     cursor.execute(sql, params)
web-1  |   File "/usr/local/lib/python3.12/site-packages/django/db/backends/utils.py", line 122, in execute
web-1  |     return super().execute(sql, params)
web-1  |            ^^^^^^^^^^^^^^^^^^^^^^^^^^^^
web-1  |   File "/usr/local/lib/python3.12/site-packages/django/db/backends/utils.py", line 79, in execute
web-1  |     return self._execute_with_wrappers(
web-1  |            ^^^^^^^^^^^^^^^^^^^^^^^^^^^^
web-1  |   File "/usr/local/lib/python3.12/site-packages/django/db/backends/utils.py", line 92, in _execute_with_wrappers
web-1  |     return executor(sql, params, many, context)
web-1  |            ^^^^^^^^^^^^^^^^^^^^^^^^^^^^^^^^^^^^
web-1  |   File "/usr/local/lib/python3.12/site-packages/django/db/backends/utils.py", line 100, in _execute
web-1  |     with self.db.wrap_database_errors:
web-1  |          ^^^^^^^^^^^^^^^^^^^^^^^^^^^^
web-1  |   File "/usr/local/lib/python3.12/site-packages/django/db/utils.py", line 91, in __exit__
web-1  |     raise dj_exc_value.with_traceback(traceback) from exc_value
web-1  |   File "/usr/local/lib/python3.12/site-packages/django/db/backends/utils.py", line 105, in _execute
web-1  |     return self.cursor.execute(sql, params)
web-1  |            ^^^^^^^^^^^^^^^^^^^^^^^^^^^^^^^^
web-1  |   File "/usr/local/lib/python3.12/site-packages/psycopg/cursor.py", line 97, in execute
web-1  |     raise ex.with_traceback(None)
web-1  | django.db.utils.ProgrammingError: relation "django_session" does not exist
web-1  | LINE 1: ...ession_data", "django_session"."expire_date" FROM "django_se...
web-1  |                                                              ^
web-1  | [02/Jan/2026 02:47:06] "GET /admin/ HTTP/1.1" 500 200182
web-1  | Internal Server Error: /admin/
web-1  | Traceback (most recent call last):
web-1  |   File "/usr/local/lib/python3.12/site-packages/django/contrib/sessions/backends/base.py", line 244, in _get_session
web-1  |     return self._session_cache
web-1  |            ^^^^^^^^^^^^^^^^^^^
web-1  | AttributeError: 'SessionStore' object has no attribute '_session_cache'
web-1  | 
web-1  | During handling of the above exception, another exception occurred:
web-1  | 
web-1  | Traceback (most recent call last):
web-1  |   File "/usr/local/lib/python3.12/site-packages/django/db/backends/utils.py", line 105, in _execute
web-1  |     return self.cursor.execute(sql, params)
web-1  |            ^^^^^^^^^^^^^^^^^^^^^^^^^^^^^^^^
web-1  |   File "/usr/local/lib/python3.12/site-packages/psycopg/cursor.py", line 97, in execute
web-1  |     raise ex.with_traceback(None)
web-1  | psycopg.errors.UndefinedTable: relation "django_session" does not exist
web-1  | LINE 1: ...ession_data", "django_session"."expire_date" FROM "django_se...
web-1  |                                                              ^
web-1  | 
web-1  | The above exception was the direct cause of the following exception:
web-1  | 
web-1  | Traceback (most recent call last):
web-1  |   File "/usr/local/lib/python3.12/site-packages/django/core/handlers/exception.py", line 55, in inner
web-1  |     response = get_response(request)
web-1  |                ^^^^^^^^^^^^^^^^^^^^^
web-1  |   File "/usr/local/lib/python3.12/site-packages/django/core/handlers/base.py", line 197, in _get_response
web-1  |     response = wrapped_callback(request, *callback_args, **callback_kwargs)
web-1  |                ^^^^^^^^^^^^^^^^^^^^^^^^^^^^^^^^^^^^^^^^^^^^^^^^^^^^^^^^^^^^
web-1  |   File "/usr/local/lib/python3.12/site-packages/django/contrib/admin/sites.py", line 260, in wrapper
web-1  |     return self.admin_view(view, cacheable)(*args, **kwargs)
web-1  |            ^^^^^^^^^^^^^^^^^^^^^^^^^^^^^^^^^^^^^^^^^^^^^^^^^
web-1  |   File "/usr/local/lib/python3.12/site-packages/django/utils/decorators.py", line 188, in _view_wrapper
web-1  |     result = _process_exception(request, e)
web-1  |              ^^^^^^^^^^^^^^^^^^^^^^^^^^^^^^
web-1  |   File "/usr/local/lib/python3.12/site-packages/django/utils/decorators.py", line 186, in _view_wrapper
web-1  |     response = view_func(request, *args, **kwargs)
web-1  |                ^^^^^^^^^^^^^^^^^^^^^^^^^^^^^^^^^^^
web-1  |   File "/usr/local/lib/python3.12/site-packages/django/views/decorators/cache.py", line 80, in _view_wrapper
web-1  |     response = view_func(request, *args, **kwargs)
web-1  |                ^^^^^^^^^^^^^^^^^^^^^^^^^^^^^^^^^^^
web-1  |   File "/usr/local/lib/python3.12/site-packages/django/contrib/admin/sites.py", line 229, in inner
web-1  |     if not self.has_permission(request):
web-1  |            ^^^^^^^^^^^^^^^^^^^^^^^^^^^^
web-1  |   File "/usr/local/lib/python3.12/site-packages/django/contrib/admin/sites.py", line 202, in has_permission
web-1  |     return request.user.is_active and request.user.is_staff
web-1  |            ^^^^^^^^^^^^^^^^^^^^^^
web-1  |   File "/usr/local/lib/python3.12/site-packages/django/utils/functional.py", line 251, in inner
web-1  |     self._setup()
web-1  |   File "/usr/local/lib/python3.12/site-packages/django/utils/functional.py", line 404, in _setup
web-1  |     self._wrapped = self._setupfunc()
web-1  |                     ^^^^^^^^^^^^^^^^^
web-1  |   File "/usr/local/lib/python3.12/site-packages/django/contrib/auth/middleware.py", line 37, in <lambda>
web-1  |     request.user = SimpleLazyObject(lambda: get_user(request))
web-1  |                                             ^^^^^^^^^^^^^^^^^
web-1  |   File "/usr/local/lib/python3.12/site-packages/django/contrib/auth/middleware.py", line 17, in get_user
web-1  |     request._cached_user = auth.get_user(request)
web-1  |                            ^^^^^^^^^^^^^^^^^^^^^^
web-1  |   File "/usr/local/lib/python3.12/site-packages/django/contrib/auth/__init__.py", line 209, in get_user
web-1  |     user_id = _get_user_session_key(request)
web-1  |               ^^^^^^^^^^^^^^^^^^^^^^^^^^^^^^
web-1  |   File "/usr/local/lib/python3.12/site-packages/django/contrib/auth/__init__.py", line 62, in _get_user_session_key
web-1  |     return get_user_model()._meta.pk.to_python(request.session[SESSION_KEY])
web-1  |                                                ~~~~~~~~~~~~~~~^^^^^^^^^^^^^
web-1  |   File "/usr/local/lib/python3.12/site-packages/django/contrib/sessions/backends/base.py", line 55, in __getitem__
web-1  |     return self._session[key]
web-1  |            ^^^^^^^^^^^^^
web-1  |   File "/usr/local/lib/python3.12/site-packages/django/contrib/sessions/backends/base.py", line 249, in _get_session
web-1  |     self._session_cache = self.load()
web-1  |                           ^^^^^^^^^^^
web-1  |   File "/usr/local/lib/python3.12/site-packages/django/contrib/sessions/backends/db.py", line 55, in load
web-1  |     s = self._get_session_from_db()
web-1  |         ^^^^^^^^^^^^^^^^^^^^^^^^^^^
web-1  |   File "/usr/local/lib/python3.12/site-packages/django/contrib/sessions/backends/db.py", line 34, in _get_session_from_db
web-1  |     return self.model.objects.get(
web-1  |            ^^^^^^^^^^^^^^^^^^^^^^^
web-1  |   File "/usr/local/lib/python3.12/site-packages/django/db/models/manager.py", line 87, in manager_method
web-1  |     return getattr(self.get_queryset(), name)(*args, **kwargs)
web-1  |            ^^^^^^^^^^^^^^^^^^^^^^^^^^^^^^^^^^^^^^^^^^^^^^^^^^^
web-1  |   File "/usr/local/lib/python3.12/site-packages/django/db/models/query.py", line 645, in get
web-1  |     num = len(clone)
web-1  |           ^^^^^^^^^^
web-1  |   File "/usr/local/lib/python3.12/site-packages/django/db/models/query.py", line 382, in __len__
web-1  |     self._fetch_all()
web-1  |   File "/usr/local/lib/python3.12/site-packages/django/db/models/query.py", line 1928, in _fetch_all
web-1  |     self._result_cache = list(self._iterable_class(self))
web-1  |                          ^^^^^^^^^^^^^^^^^^^^^^^^^^^^^^^^
web-1  |   File "/usr/local/lib/python3.12/site-packages/django/db/models/query.py", line 91, in __iter__
web-1  |     results = compiler.execute_sql(
web-1  |               ^^^^^^^^^^^^^^^^^^^^^
web-1  |   File "/usr/local/lib/python3.12/site-packages/django/db/models/sql/compiler.py", line 1574, in execute_sql
web-1  |     cursor.execute(sql, params)
web-1  |   File "/usr/local/lib/python3.12/site-packages/django/db/backends/utils.py", line 122, in execute
web-1  |     return super().execute(sql, params)
web-1  |            ^^^^^^^^^^^^^^^^^^^^^^^^^^^^
web-1  |   File "/usr/local/lib/python3.12/site-packages/django/db/backends/utils.py", line 79, in execute
web-1  |     return self._execute_with_wrappers(
web-1  |            ^^^^^^^^^^^^^^^^^^^^^^^^^^^^
web-1  |   File "/usr/local/lib/python3.12/site-packages/django/db/backends/utils.py", line 92, in _execute_with_wrappers
web-1  |     return executor(sql, params, many, context)
web-1  |            ^^^^^^^^^^^^^^^^^^^^^^^^^^^^^^^^^^^^
web-1  |   File "/usr/local/lib/python3.12/site-packages/django/db/backends/utils.py", line 100, in _execute
web-1  |     with self.db.wrap_database_errors:
web-1  |          ^^^^^^^^^^^^^^^^^^^^^^^^^^^^
web-1  |   File "/usr/local/lib/python3.12/site-packages/django/db/utils.py", line 91, in __exit__
web-1  |     raise dj_exc_value.with_traceback(traceback) from exc_value
web-1  |   File "/usr/local/lib/python3.12/site-packages/django/db/backends/utils.py", line 105, in _execute
web-1  |     return self.cursor.execute(sql, params)
web-1  |            ^^^^^^^^^^^^^^^^^^^^^^^^^^^^^^^^
web-1  |   File "/usr/local/lib/python3.12/site-packages/psycopg/cursor.py", line 97, in execute
web-1  |     raise ex.with_traceback(None)
web-1  | django.db.utils.ProgrammingError: relation "django_session" does not exist
web-1  | LINE 1: ...ession_data", "django_session"."expire_date" FROM "django_se...
web-1  |                                                              ^
web-1  | [02/Jan/2026 02:47:09] "GET /admin/ HTTP/1.1" 500 200182
